{
  "version": "1.5.0",
  "plugins_used": [
    {
      "name": "ArtifactoryDetector"
    },
    {
      "name": "AWSKeyDetector"
    },
    {
      "name": "AzureStorageKeyDetector"
    },
    {
      "name": "Base64HighEntropyString",
      "limit": 4.5
    },
    {
      "name": "BasicAuthDetector"
    },
    {
      "name": "CloudantDetector"
    },
    {
      "name": "DiscordBotTokenDetector"
    },
    {
      "name": "GitHubTokenDetector"
    },
    {
      "name": "GitLabTokenDetector"
    },
    {
      "name": "HexHighEntropyString",
      "limit": 3.0
    },
    {
      "name": "IbmCloudIamDetector"
    },
    {
      "name": "IbmCosHmacDetector"
    },
    {
      "name": "IPPublicDetector"
    },
    {
      "name": "JwtTokenDetector"
    },
    {
      "name": "KeywordDetector",
      "keyword_exclude": ""
    },
    {
      "name": "MailchimpDetector"
    },
    {
      "name": "NpmDetector"
    },
    {
      "name": "OpenAIDetector"
    },
    {
      "name": "PrivateKeyDetector"
    },
    {
      "name": "PypiTokenDetector"
    },
    {
      "name": "SendGridDetector"
    },
    {
      "name": "SlackDetector"
    },
    {
      "name": "SoftlayerDetector"
    },
    {
      "name": "SquareOAuthDetector"
    },
    {
      "name": "StripeDetector"
    },
    {
      "name": "TelegramBotTokenDetector"
    },
    {
      "name": "TwilioKeyDetector"
    }
  ],
  "filters_used": [
    {
      "path": "detect_secrets.filters.allowlist.is_line_allowlisted"
    },
    {
      "path": "detect_secrets.filters.common.is_baseline_file",
      "filename": ".secrets.baseline"
    },
    {
      "path": "detect_secrets.filters.common.is_ignored_due_to_verification_policies",
      "min_level": 2
    },
    {
      "path": "detect_secrets.filters.heuristic.is_indirect_reference"
    },
    {
      "path": "detect_secrets.filters.heuristic.is_likely_id_string"
    },
    {
      "path": "detect_secrets.filters.heuristic.is_lock_file"
    },
    {
      "path": "detect_secrets.filters.heuristic.is_not_alphanumeric_string"
    },
    {
      "path": "detect_secrets.filters.heuristic.is_potential_uuid"
    },
    {
      "path": "detect_secrets.filters.heuristic.is_prefixed_with_dollar_sign"
    },
    {
      "path": "detect_secrets.filters.heuristic.is_sequential_string"
    },
    {
      "path": "detect_secrets.filters.heuristic.is_swagger_file"
    },
    {
      "path": "detect_secrets.filters.heuristic.is_templated_secret"
    },
    {
      "path": "detect_secrets.filters.regex.should_exclude_file",
      "pattern": [
        "\\.secrets\\.baseline"
      ]
    }
  ],
  "results": {
    "notebooks\\01-eda.ipynb": [
      {
        "type": "Basic Auth Credentials",
        "filename": "notebooks\\01-eda.ipynb",
        "hashed_secret": "9d4e1e23bd5b727046a9e3b4b7db57bd8d6ee684",
        "is_verified": false,
        "line_number": 39
      },
      {
        "type": "Base64 High Entropy String",
        "filename": "notebooks\\01-eda.ipynb",
        "hashed_secret": "1e0dd66a42013f98dd9f0f4289ef4139cb94016f",
        "is_verified": false,
        "line_number": 983
      },
      {
        "type": "Base64 High Entropy String",
        "filename": "notebooks\\01-eda.ipynb",
        "hashed_secret": "4016a559a42a8180507fdbecc7aeec1223bb8249",
        "is_verified": false,
        "line_number": 1046
      },
      {
        "type": "Base64 High Entropy String",
        "filename": "notebooks\\01-eda.ipynb",
        "hashed_secret": "b747dddc6710d2800a0991697b0e328040f4d503",
        "is_verified": false,
        "line_number": 1174
      },
      {
        "type": "Base64 High Entropy String",
        "filename": "notebooks\\01-eda.ipynb",
        "hashed_secret": "608908d8fa8118e033e0e40812c51fb46473f1b9",
        "is_verified": false,
        "line_number": 1241
      },
      {
        "type": "Base64 High Entropy String",
        "filename": "notebooks\\01-eda.ipynb",
        "hashed_secret": "84ff0bf41853fa56c1bf936283fb331e01413c74",
        "is_verified": false,
        "line_number": 1317
      },
      {
        "type": "Base64 High Entropy String",
        "filename": "notebooks\\01-eda.ipynb",
        "hashed_secret": "0c1799d454d8ba8ddb36ee92d238068102f6e7e6",
        "is_verified": false,
        "line_number": 1379
      },
      {
        "type": "Base64 High Entropy String",
        "filename": "notebooks\\01-eda.ipynb",
        "hashed_secret": "748890d6c863f27c6dd258eccd02beeb5a27b900",
        "is_verified": false,
        "line_number": 1534
      },
      {
        "type": "Base64 High Entropy String",
        "filename": "notebooks\\01-eda.ipynb",
        "hashed_secret": "666afd0837ca33cb307d5faa5ba8579bf985a868",
        "is_verified": false,
        "line_number": 1594
      },
      {
        "type": "Base64 High Entropy String",
        "filename": "notebooks\\01-eda.ipynb",
        "hashed_secret": "cc120466b18117f7637d8918ef109105e251b907",
        "is_verified": false,
        "line_number": 1742
      },
      {
        "type": "Base64 High Entropy String",
        "filename": "notebooks\\01-eda.ipynb",
        "hashed_secret": "f3d4cc19a3872dba815e9706910fd1de35600e3a",
        "is_verified": false,
        "line_number": 1803
      },
      {
        "type": "Base64 High Entropy String",
        "filename": "notebooks\\01-eda.ipynb",
        "hashed_secret": "4179ef079fe0d0f782d87e450e81e655f87e5983",
        "is_verified": false,
        "line_number": 1860
      },
      {
        "type": "Base64 High Entropy String",
        "filename": "notebooks\\01-eda.ipynb",
        "hashed_secret": "ff98a34d8acc60f0161f506a79b192cac5cc9cc6",
        "is_verified": false,
        "line_number": 2281
      },
      {
        "type": "Base64 High Entropy String",
        "filename": "notebooks\\01-eda.ipynb",
        "hashed_secret": "7b573786dc2ab47c3f0bba214a8a3d1638674c6a",
        "is_verified": false,
        "line_number": 2609
      }
    ],
    "notebooks\\03a-model-selection.ipynb": [
      {
        "type": "Base64 High Entropy String",
        "filename": "notebooks\\03a-model-selection.ipynb",
        "hashed_secret": "d3cd33cc5a3c351277642cf767e9ac3350b1982e",
        "is_verified": false,
        "line_number": 312
      },
      {
        "type": "Base64 High Entropy String",
        "filename": "notebooks\\03a-model-selection.ipynb",
        "hashed_secret": "f3a54c94560fcc888c2be5886136632039b05c4d",
        "is_verified": false,
        "line_number": 1000
      },
      {
        "type": "Base64 High Entropy String",
        "filename": "notebooks\\03a-model-selection.ipynb",
        "hashed_secret": "920769f1ec31bf2737ca6a7c176c92928cf949d7",
        "is_verified": false,
        "line_number": 1174
      }
    ],
    "notebooks\\03b-feature-selection.ipynb": [
      {
        "type": "Base64 High Entropy String",
        "filename": "notebooks\\03b-feature-selection.ipynb",
        "hashed_secret": "93e805cddc0f63c7ca3ec483df3ddba15c4e9af5",
        "is_verified": false,
        "line_number": 483
      },
      {
        "type": "Base64 High Entropy String",
        "filename": "notebooks\\03b-feature-selection.ipynb",
        "hashed_secret": "571d679e790ee1355477be5eb06114c4afb29e91",
        "is_verified": false,
        "line_number": 694
      },
      {
        "type": "Base64 High Entropy String",
        "filename": "notebooks\\03b-feature-selection.ipynb",
        "hashed_secret": "26c273ef2e7d15c5723fa3fb96ad9dcf19157dbf",
        "is_verified": false,
        "line_number": 884
      },
      {
        "type": "Base64 High Entropy String",
        "filename": "notebooks\\03b-feature-selection.ipynb",
        "hashed_secret": "06d47f233f1095749f49b376f52f0441716fe1f8",
        "is_verified": false,
        "line_number": 1001
      }
    ],
    "notebooks\\03c-hyperparameter-tuning.ipynb": [
      {
        "type": "Base64 High Entropy String",
        "filename": "notebooks\\03c-hyperparameter-tuning.ipynb",
        "hashed_secret": "e2b4f17398691fe5c09a6d56afd1acfb137f08c5",
        "is_verified": false,
        "line_number": 324
      },
      {
        "type": "Base64 High Entropy String",
        "filename": "notebooks\\03c-hyperparameter-tuning.ipynb",
        "hashed_secret": "58f1f7277112268e178fc77b38d4c4af271a497d",
        "is_verified": false,
        "line_number": 391
      },
      {
        "type": "Base64 High Entropy String",
        "filename": "notebooks\\03c-hyperparameter-tuning.ipynb",
        "hashed_secret": "ab05fb8418ba558b0cc106e1514c7603e790c79d",
        "is_verified": false,
        "line_number": 917
      }
    ]
  },
  "generated_at": "2026-07-11T18:05:00Z"
}
