{
  "version": "1.5.0",
  "plugins_used": [
    {
      "name": "ArtifactoryDetector"
    },
    {
      "name": "AWSKeyDetector"
    },
    {
      "name": "AzureStorageKeyDetector"
    },
    {
      "name": "Base64HighEntropyString",
      "limit": 4.5
    },
    {
      "name": "BasicAuthDetector"
    },
    {
      "name": "CloudantDetector"
    },
    {
      "name": "DiscordBotTokenDetector"
    },
    {
      "name": "GitHubTokenDetector"
    },
    {
      "name": "GitLabTokenDetector"
    },
    {
      "name": "HexHighEntropyString",
      "limit": 3.0
    },
    {
      "name": "IbmCloudIamDetector"
    },
    {
      "name": "IbmCosHmacDetector"
    },
    {
      "name": "IPPublicDetector"
    },
    {
      "name": "JwtTokenDetector"
    },
    {
      "name": "KeywordDetector",
      "keyword_exclude": ""
    },
    {
      "name": "MailchimpDetector"
    },
    {
      "name": "NpmDetector"
    },
    {
      "name": "OpenAIDetector"
    },
    {
      "name": "PrivateKeyDetector"
    },
    {
      "name": "PypiTokenDetector"
    },
    {
      "name": "SendGridDetector"
    },
    {
      "name": "SlackDetector"
    },
    {
      "name": "SoftlayerDetector"
    },
    {
      "name": "SquareOAuthDetector"
    },
    {
      "name": "StripeDetector"
    },
    {
      "name": "TelegramBotTokenDetector"
    },
    {
      "name": "TwilioKeyDetector"
    }
  ],
  "filters_used": [
    {
      "path": "detect_secrets.filters.allowlist.is_line_allowlisted"
    },
    {
      "path": "detect_secrets.filters.common.is_baseline_file",
      "filename": ".secrets.baseline"
    },
    {
      "path": "detect_secrets.filters.common.is_ignored_due_to_verification_policies",
      "min_level": 2
    },
    {
      "path": "detect_secrets.filters.heuristic.is_indirect_reference"
    },
    {
      "path": "detect_secrets.filters.heuristic.is_likely_id_string"
    },
    {
      "path": "detect_secrets.filters.heuristic.is_lock_file"
    },
    {
      "path": "detect_secrets.filters.heuristic.is_not_alphanumeric_string"
    },
    {
      "path": "detect_secrets.filters.heuristic.is_potential_uuid"
    },
    {
      "path": "detect_secrets.filters.heuristic.is_prefixed_with_dollar_sign"
    },
    {
      "path": "detect_secrets.filters.heuristic.is_sequential_string"
    },
    {
      "path": "detect_secrets.filters.heuristic.is_swagger_file"
    },
    {
      "path": "detect_secrets.filters.heuristic.is_templated_secret"
    },
    {
      "path": "detect_secrets.filters.regex.should_exclude_file",
      "pattern": [
        "\\.secrets\\.baseline|reports/policy/threshold\\.yaml"
      ]
    }
  ],
  "results": {
    "configs\\policy\\threshold.yaml": [
      {
        "type": "Hex High Entropy String",
        "filename": "configs\\policy\\threshold.yaml",
        "hashed_secret": "cb950d7d3b8c22706e3ee86cbdb32cf6a2516c05",
        "is_verified": false,
        "line_number": 40
      }
    ],
    "notebooks\\01-eda.ipynb": [
      {
        "type": "Basic Auth Credentials",
        "filename": "notebooks\\01-eda.ipynb",
        "hashed_secret": "9d4e1e23bd5b727046a9e3b4b7db57bd8d6ee684",
        "is_verified": false,
        "line_number": 39
      },
      {
        "type": "Base64 High Entropy String",
        "filename": "notebooks\\01-eda.ipynb",
        "hashed_secret": "1e0dd66a42013f98dd9f0f4289ef4139cb94016f",
        "is_verified": false,
        "line_number": 982
      },
      {
        "type": "Base64 High Entropy String",
        "filename": "notebooks\\01-eda.ipynb",
        "hashed_secret": "4016a559a42a8180507fdbecc7aeec1223bb8249",
        "is_verified": false,
        "line_number": 1045
      },
      {
        "type": "Base64 High Entropy String",
        "filename": "notebooks\\01-eda.ipynb",
        "hashed_secret": "0b5ba78f853dc112ed221845df92a066468a163f",
        "is_verified": false,
        "line_number": 1173
      },
      {
        "type": "Base64 High Entropy String",
        "filename": "notebooks\\01-eda.ipynb",
        "hashed_secret": "f826059ad75f346b686aca43f04056861584aef7",
        "is_verified": false,
        "line_number": 1240
      },
      {
        "type": "Base64 High Entropy String",
        "filename": "notebooks\\01-eda.ipynb",
        "hashed_secret": "2e549e9937a6e14a71518965d758767abb486463",
        "is_verified": false,
        "line_number": 1316
      },
      {
        "type": "Base64 High Entropy String",
        "filename": "notebooks\\01-eda.ipynb",
        "hashed_secret": "0c1799d454d8ba8ddb36ee92d238068102f6e7e6",
        "is_verified": false,
        "line_number": 1378
      },
      {
        "type": "Base64 High Entropy String",
        "filename": "notebooks\\01-eda.ipynb",
        "hashed_secret": "748890d6c863f27c6dd258eccd02beeb5a27b900",
        "is_verified": false,
        "line_number": 1533
      },
      {
        "type": "Base64 High Entropy String",
        "filename": "notebooks\\01-eda.ipynb",
        "hashed_secret": "666afd0837ca33cb307d5faa5ba8579bf985a868",
        "is_verified": false,
        "line_number": 1593
      },
      {
        "type": "Base64 High Entropy String",
        "filename": "notebooks\\01-eda.ipynb",
        "hashed_secret": "cc120466b18117f7637d8918ef109105e251b907",
        "is_verified": false,
        "line_number": 1741
      },
      {
        "type": "Base64 High Entropy String",
        "filename": "notebooks\\01-eda.ipynb",
        "hashed_secret": "f3d4cc19a3872dba815e9706910fd1de35600e3a",
        "is_verified": false,
        "line_number": 1802
      },
      {
        "type": "Base64 High Entropy String",
        "filename": "notebooks\\01-eda.ipynb",
        "hashed_secret": "4179ef079fe0d0f782d87e450e81e655f87e5983",
        "is_verified": false,
        "line_number": 1859
      },
      {
        "type": "Base64 High Entropy String",
        "filename": "notebooks\\01-eda.ipynb",
        "hashed_secret": "ff98a34d8acc60f0161f506a79b192cac5cc9cc6",
        "is_verified": false,
        "line_number": 2300
      },
      {
        "type": "Base64 High Entropy String",
        "filename": "notebooks\\01-eda.ipynb",
        "hashed_secret": "7b573786dc2ab47c3f0bba214a8a3d1638674c6a",
        "is_verified": false,
        "line_number": 2628
      }
    ],
    "notebooks\\03a-model-selection.ipynb": [
      {
        "type": "Base64 High Entropy String",
        "filename": "notebooks\\03a-model-selection.ipynb",
        "hashed_secret": "d3cd33cc5a3c351277642cf767e9ac3350b1982e",
        "is_verified": false,
        "line_number": 312
      },
      {
        "type": "Base64 High Entropy String",
        "filename": "notebooks\\03a-model-selection.ipynb",
        "hashed_secret": "f3a54c94560fcc888c2be5886136632039b05c4d",
        "is_verified": false,
        "line_number": 1000
      },
      {
        "type": "Base64 High Entropy String",
        "filename": "notebooks\\03a-model-selection.ipynb",
        "hashed_secret": "920769f1ec31bf2737ca6a7c176c92928cf949d7",
        "is_verified": false,
        "line_number": 1174
      }
    ],
    "notebooks\\03b-feature-selection.ipynb": [
      {
        "type": "Base64 High Entropy String",
        "filename": "notebooks\\03b-feature-selection.ipynb",
        "hashed_secret": "7828b338396427e678d3750cf5c2627a6e1cea62",
        "is_verified": false,
        "line_number": 483
      },
      {
        "type": "Base64 High Entropy String",
        "filename": "notebooks\\03b-feature-selection.ipynb",
        "hashed_secret": "571d679e790ee1355477be5eb06114c4afb29e91",
        "is_verified": false,
        "line_number": 694
      },
      {
        "type": "Base64 High Entropy String",
        "filename": "notebooks\\03b-feature-selection.ipynb",
        "hashed_secret": "3ca5da60d06dde184d32c8c23001747f861adbbc",
        "is_verified": false,
        "line_number": 884
      },
      {
        "type": "Base64 High Entropy String",
        "filename": "notebooks\\03b-feature-selection.ipynb",
        "hashed_secret": "55cd4394b9c417746b3e292086ca2434b4267d52",
        "is_verified": false,
        "line_number": 1001
      }
    ],
    "notebooks\\03c-hyperparameter-tuning.ipynb": [
      {
        "type": "Base64 High Entropy String",
        "filename": "notebooks\\03c-hyperparameter-tuning.ipynb",
        "hashed_secret": "e2b4f17398691fe5c09a6d56afd1acfb137f08c5",
        "is_verified": false,
        "line_number": 325
      },
      {
        "type": "Base64 High Entropy String",
        "filename": "notebooks\\03c-hyperparameter-tuning.ipynb",
        "hashed_secret": "58f1f7277112268e178fc77b38d4c4af271a497d",
        "is_verified": false,
        "line_number": 392
      },
      {
        "type": "Base64 High Entropy String",
        "filename": "notebooks\\03c-hyperparameter-tuning.ipynb",
        "hashed_secret": "a3dd2f60db0e884496d963a85fc7b8d615426dee",
        "is_verified": false,
        "line_number": 918
      }
    ],
    "notebooks\\04-calibration-and-threshold.ipynb": [
      {
        "type": "Base64 High Entropy String",
        "filename": "notebooks\\04-calibration-and-threshold.ipynb",
        "hashed_secret": "0844021e3c61545d1c3cd6b0ef70de49f63a8abc",
        "is_verified": false,
        "line_number": 271
      },
      {
        "type": "Base64 High Entropy String",
        "filename": "notebooks\\04-calibration-and-threshold.ipynb",
        "hashed_secret": "144b549278a0ed46222889776c74920cf44e05cd",
        "is_verified": false,
        "line_number": 815
      },
      {
        "type": "Base64 High Entropy String",
        "filename": "notebooks\\04-calibration-and-threshold.ipynb",
        "hashed_secret": "fbb6acc4f6c955bf25042a3631e536d026154110",
        "is_verified": false,
        "line_number": 910
      },
      {
        "type": "Base64 High Entropy String",
        "filename": "notebooks\\04-calibration-and-threshold.ipynb",
        "hashed_secret": "a69ce5013509e01eecd4f67d478f2a0031ae26e8",
        "is_verified": false,
        "line_number": 1021
      }
    ]
  },
  "generated_at": "2026-07-19T00:26:42Z"
}
