{
  "version": "1.5.0",
  "plugins_used": [
    {
      "name": "ArtifactoryDetector"
    },
    {
      "name": "AWSKeyDetector"
    },
    {
      "name": "AzureStorageKeyDetector"
    },
    {
      "name": "Base64HighEntropyString",
      "limit": 4.5
    },
    {
      "name": "BasicAuthDetector"
    },
    {
      "name": "CloudantDetector"
    },
    {
      "name": "DiscordBotTokenDetector"
    },
    {
      "name": "GitHubTokenDetector"
    },
    {
      "name": "GitLabTokenDetector"
    },
    {
      "name": "HexHighEntropyString",
      "limit": 3.0
    },
    {
      "name": "IbmCloudIamDetector"
    },
    {
      "name": "IbmCosHmacDetector"
    },
    {
      "name": "IPPublicDetector"
    },
    {
      "name": "JwtTokenDetector"
    },
    {
      "name": "KeywordDetector",
      "keyword_exclude": ""
    },
    {
      "name": "MailchimpDetector"
    },
    {
      "name": "NpmDetector"
    },
    {
      "name": "OpenAIDetector"
    },
    {
      "name": "PrivateKeyDetector"
    },
    {
      "name": "PypiTokenDetector"
    },
    {
      "name": "SendGridDetector"
    },
    {
      "name": "SlackDetector"
    },
    {
      "name": "SoftlayerDetector"
    },
    {
      "name": "SquareOAuthDetector"
    },
    {
      "name": "StripeDetector"
    },
    {
      "name": "TelegramBotTokenDetector"
    },
    {
      "name": "TwilioKeyDetector"
    }
  ],
  "filters_used": [
    {
      "path": "detect_secrets.filters.allowlist.is_line_allowlisted"
    },
    {
      "path": "detect_secrets.filters.common.is_baseline_file",
      "filename": ".secrets.baseline"
    },
    {
      "path": "detect_secrets.filters.common.is_ignored_due_to_verification_policies",
      "min_level": 2
    },
    {
      "path": "detect_secrets.filters.heuristic.is_indirect_reference"
    },
    {
      "path": "detect_secrets.filters.heuristic.is_likely_id_string"
    },
    {
      "path": "detect_secrets.filters.heuristic.is_lock_file"
    },
    {
      "path": "detect_secrets.filters.heuristic.is_not_alphanumeric_string"
    },
    {
      "path": "detect_secrets.filters.heuristic.is_potential_uuid"
    },
    {
      "path": "detect_secrets.filters.heuristic.is_prefixed_with_dollar_sign"
    },
    {
      "path": "detect_secrets.filters.heuristic.is_sequential_string"
    },
    {
      "path": "detect_secrets.filters.heuristic.is_swagger_file"
    },
    {
      "path": "detect_secrets.filters.heuristic.is_templated_secret"
    },
    {
      "path": "detect_secrets.filters.regex.should_exclude_file",
      "pattern": [
        "\\.secrets\\.baseline"
      ]
    }
  ],
  "results": {
    "notebooks\\01-eda.ipynb": [
      {
        "type": "Basic Auth Credentials",
        "filename": "notebooks\\01-eda.ipynb",
        "hashed_secret": "9d4e1e23bd5b727046a9e3b4b7db57bd8d6ee684",
        "is_verified": false,
        "line_number": 39
      },
      {
        "type": "Base64 High Entropy String",
        "filename": "notebooks\\01-eda.ipynb",
        "hashed_secret": "1e0dd66a42013f98dd9f0f4289ef4139cb94016f",
        "is_verified": false,
        "line_number": 988
      },
      {
        "type": "Base64 High Entropy String",
        "filename": "notebooks\\01-eda.ipynb",
        "hashed_secret": "4016a559a42a8180507fdbecc7aeec1223bb8249",
        "is_verified": false,
        "line_number": 1051
      },
      {
        "type": "Base64 High Entropy String",
        "filename": "notebooks\\01-eda.ipynb",
        "hashed_secret": "08957bd08a71ca041dedc24c29ac18c08afbbcba",
        "is_verified": false,
        "line_number": 1179
      },
      {
        "type": "Base64 High Entropy String",
        "filename": "notebooks\\01-eda.ipynb",
        "hashed_secret": "a9a24a3084a634aada7dabae47843d8dce78702a",
        "is_verified": false,
        "line_number": 1246
      },
      {
        "type": "Base64 High Entropy String",
        "filename": "notebooks\\01-eda.ipynb",
        "hashed_secret": "7ce45a679e32dc1b005613e7e624a2fe42574d6e",
        "is_verified": false,
        "line_number": 1322
      },
      {
        "type": "Base64 High Entropy String",
        "filename": "notebooks\\01-eda.ipynb",
        "hashed_secret": "0c1799d454d8ba8ddb36ee92d238068102f6e7e6",
        "is_verified": false,
        "line_number": 1384
      },
      {
        "type": "Base64 High Entropy String",
        "filename": "notebooks\\01-eda.ipynb",
        "hashed_secret": "748890d6c863f27c6dd258eccd02beeb5a27b900",
        "is_verified": false,
        "line_number": 1539
      },
      {
        "type": "Base64 High Entropy String",
        "filename": "notebooks\\01-eda.ipynb",
        "hashed_secret": "666afd0837ca33cb307d5faa5ba8579bf985a868",
        "is_verified": false,
        "line_number": 1599
      },
      {
        "type": "Base64 High Entropy String",
        "filename": "notebooks\\01-eda.ipynb",
        "hashed_secret": "cc120466b18117f7637d8918ef109105e251b907",
        "is_verified": false,
        "line_number": 1747
      },
      {
        "type": "Base64 High Entropy String",
        "filename": "notebooks\\01-eda.ipynb",
        "hashed_secret": "fbba270f39b28223eee26fec16919f3ef19813cf",
        "is_verified": false,
        "line_number": 1808
      },
      {
        "type": "Base64 High Entropy String",
        "filename": "notebooks\\01-eda.ipynb",
        "hashed_secret": "4179ef079fe0d0f782d87e450e81e655f87e5983",
        "is_verified": false,
        "line_number": 1865
      },
      {
        "type": "Base64 High Entropy String",
        "filename": "notebooks\\01-eda.ipynb",
        "hashed_secret": "ff98a34d8acc60f0161f506a79b192cac5cc9cc6",
        "is_verified": false,
        "line_number": 2286
      },
      {
        "type": "Base64 High Entropy String",
        "filename": "notebooks\\01-eda.ipynb",
        "hashed_secret": "7b573786dc2ab47c3f0bba214a8a3d1638674c6a",
        "is_verified": false,
        "line_number": 2620
      }
    ]
  },
  "generated_at": "2026-06-27T13:43:01Z"
}
